Running: /opt/Xilinx/14.7/ISE_DS/ISE/bin/lin64/unwrapped/fuse -intstyle ise -incremental -lib secureip -o /home/ise/ISE-FiltroFIR/FiltroFIR/tb_module_prod_isim_beh.exe -prj /home/ise/ISE-FiltroFIR/FiltroFIR/tb_module_prod_beh.prj work.tb_module_prod 
ISim P.20131013 (signature 0xfbc00daa)
Number of CPUs detected in this system: 1
Turning on mult-threading, number of parallel sub-compilation jobs: 0 
Determining compilation order of HDL files
Parsing VHDL file "/home/ise/ISE-FiltroFIR/FiltroFIR/module_prod.vhd" into library work
Parsing VHDL file "/home/ise/ISE-FiltroFIR/FiltroFIR/tb_module_prod.vhd" into library work
Starting static elaboration
Completed static elaboration
Fuse Memory Usage: 96828 KB
Fuse CPU Usage: 400 ms
Compiling package standard
Compiling package std_logic_1164
Compiling package numeric_std
Compiling architecture comport_module_prod of entity module_prod [module_prod_default]
Compiling architecture tb_comport_prod of entity tb_module_prod
Time Resolution for simulation is 1ps.
Compiled 6 VHDL Units
Built simulation executable /home/ise/ISE-FiltroFIR/FiltroFIR/tb_module_prod_isim_beh.exe
Fuse Memory Usage: 111480 KB
Fuse CPU Usage: 470 ms
GCC CPU Usage: 120 ms
