ISim log file
Running: /home/ise/ISE-FiltroFIR/FiltroFIR/tb_module_prod_isim_beh.exe -intstyle ise -gui -tclbatch isim.cmd -view /home/ise/ISE-FiltroFIR/FiltroFIR/default_wave_test.wcfg -wdb /home/ise/ISE-FiltroFIR/FiltroFIR/tb_module_prod_isim_beh.wdb 
ISim P.20131013 (signature 0xfbc00daa)
WARNING: A WEBPACK license was found.
WARNING: Please use Xilinx License Configuration Manager to check out a full ISim license.
WARNING: ISim will run in Lite mode. Please refer to the ISim documentation for more information on the differences between the Lite and the Full version.
This is a Lite version of ISim.
Time resolution is 1 ps
# onerror resume
# run 1000 ns
Simulator is doing circuit initialization process.
Finished circuit initialization process.
# restart
# run 1.00us
Simulator is doing circuit initialization process.
Finished circuit initialization process.
# run all
Stopped at time : 5749920 ns : File "/home/ise/ISE-FiltroFIR/FiltroFIR/module_prod.vhd" Line 33
# restart
# run 1.00us
Simulator is doing circuit initialization process.
Finished circuit initialization process.
# restart
# run 1.00us
Simulator is doing circuit initialization process.
Finished circuit initialization process.
# restart
# run 1.00us
Simulator is doing circuit initialization process.
Finished circuit initialization process.
# exit 0
