--------------------------------------------------------------------------------
Release 14.7 Trace  (lin64)
Copyright (c) 1995-2013 Xilinx, Inc.  All rights reserved.

/opt/Xilinx/14.7/ISE_DS/ISE/bin/lin64/unwrapped/trce -intstyle ise -v 3 -s 3 -n
3 -fastpaths -xml module_Filtro_Master.twx module_Filtro_Master.ncd -o
module_Filtro_Master.twr module_Filtro_Master.pcf -ucf Nexys3_Master.ucf

Design file:              module_Filtro_Master.ncd
Physical constraint file: module_Filtro_Master.pcf
Device,package,speed:     xc6slx16,csg324,C,-3 (PRODUCTION 1.23 2013-10-13)
Report level:             verbose report

Environment Variable      Effect 
--------------------      ------ 
NONE                      No environment variables were set
--------------------------------------------------------------------------------

INFO:Timing:2698 - No timing constraints found, doing default enumeration.
INFO:Timing:3412 - To improve timing, see the Timing Closure User Guide (UG612).
INFO:Timing:2752 - To get complete path coverage, use the unconstrained paths 
   option. All paths that are not constrained will be reported in the 
   unconstrained paths section(s) of the report.
INFO:Timing:3339 - The clock-to-out numbers in this timing report are based on 
   a 50 Ohm transmission line loading model.  For the details of this model, 
   and for more information on accounting for different loading conditions, 
   please see the device datasheet.



Data Sheet report:
-----------------
All values displayed in nanoseconds (ns)

Setup/Hold to clock clk
------------+------------+------------+------------+------------+------------------+--------+
            |Max Setup to|  Process   |Max Hold to |  Process   |                  | Clock  |
Source      | clk (edge) |   Corner   | clk (edge) |   Corner   |Internal Clock(s) | Phase  |
------------+------------+------------+------------+------------+------------------+--------+
JB8         |    4.211(R)|      SLOW  |   -2.311(R)|      FAST  |clkdac            |   0.000|
------------+------------+------------+------------+------------+------------------+--------+

Clock clk to Pad
------------+-----------------+------------+-----------------+------------+------------------+--------+
            |Max (slowest) clk|  Process   |Min (fastest) clk|  Process   |                  | Clock  |
Destination |  (edge) to PAD  |   Corner   |  (edge) to PAD  |   Corner   |Internal Clock(s) | Phase  |
------------+-----------------+------------+-----------------+------------+------------------+--------+
JA7         |         7.865(R)|      SLOW  |         5.062(R)|      FAST  |clkdac            |   0.000|
JA9         |         8.113(R)|      SLOW  |         5.275(R)|      FAST  |clkdac            |   0.000|
JA10        |         5.227(R)|      SLOW  |         3.307(R)|      FAST  |clkdac            |   0.000|
JB7         |         6.079(R)|      SLOW  |         3.958(R)|      FAST  |clkdac            |   0.000|
JB10        |         5.141(R)|      SLOW  |         3.221(R)|      FAST  |clkdac            |   0.000|
Led<0>      |         6.630(R)|      SLOW  |         4.334(R)|      FAST  |clkdac            |   0.000|
Led<1>      |         7.134(R)|      SLOW  |         4.612(R)|      FAST  |clkdac            |   0.000|
Led<2>      |         6.817(R)|      SLOW  |         4.452(R)|      FAST  |clkdac            |   0.000|
Led<3>      |         6.999(R)|      SLOW  |         4.549(R)|      FAST  |clkdac            |   0.000|
Led<4>      |         6.450(R)|      SLOW  |         4.152(R)|      FAST  |clkdac            |   0.000|
Led<5>      |         6.326(R)|      SLOW  |         4.107(R)|      FAST  |clkdac            |   0.000|
Led<6>      |         6.458(R)|      SLOW  |         4.183(R)|      FAST  |clkdac            |   0.000|
Led<7>      |         6.458(R)|      SLOW  |         4.183(R)|      FAST  |clkdac            |   0.000|
------------+-----------------+------------+-----------------+------------+------------------+--------+

Clock to Setup on destination clock clk
---------------+---------+---------+---------+---------+
               | Src:Rise| Src:Fall| Src:Rise| Src:Fall|
Source Clock   |Dest:Rise|Dest:Rise|Dest:Fall|Dest:Fall|
---------------+---------+---------+---------+---------+
clk            |    6.268|         |         |         |
---------------+---------+---------+---------+---------+


Analysis completed Wed Apr 22 00:11:10 2026 
--------------------------------------------------------------------------------

Trace Settings:
-------------------------
Trace Settings 

Peak Memory Usage: 406 MB



