--------------------------------------------------------------------------------
Release 14.7 Trace  (lin64)
Copyright (c) 1995-2013 Xilinx, Inc.  All rights reserved.

/opt/Xilinx/14.7/ISE_DS/ISE/bin/lin64/unwrapped/trce -intstyle ise -v 3 -s 3 -n
3 -fastpaths -xml module_Filtro_Master.twx module_Filtro_Master.ncd -o
module_Filtro_Master.twr module_Filtro_Master.pcf -ucf Nexys3_Master.ucf

Design file:              module_Filtro_Master.ncd
Physical constraint file: module_Filtro_Master.pcf
Device,package,speed:     xc6slx16,csg324,C,-3 (PRODUCTION 1.23 2013-10-13)
Report level:             verbose report

Environment Variable      Effect 
--------------------      ------ 
NONE                      No environment variables were set
--------------------------------------------------------------------------------

INFO:Timing:2698 - No timing constraints found, doing default enumeration.
INFO:Timing:3412 - To improve timing, see the Timing Closure User Guide (UG612).
INFO:Timing:2752 - To get complete path coverage, use the unconstrained paths 
   option. All paths that are not constrained will be reported in the 
   unconstrained paths section(s) of the report.
INFO:Timing:3339 - The clock-to-out numbers in this timing report are based on 
   a 50 Ohm transmission line loading model.  For the details of this model, 
   and for more information on accounting for different loading conditions, 
   please see the device datasheet.



Data Sheet report:
-----------------
All values displayed in nanoseconds (ns)

Setup/Hold to clock clk
---------------+------------+------------+------------+------------+------------------+--------+
               |Max Setup to|  Process   |Max Hold to |  Process   |                  | Clock  |
Source         | clk (edge) |   Corner   | clk (edge) |   Corner   |Internal Clock(s) | Phase  |
---------------+------------+------------+------------+------------+------------------+--------+
JB8            |    3.764(R)|      SLOW  |   -2.050(R)|      FAST  |clkdac            |   0.000|
selec_filter<0>|   33.240(R)|      SLOW  |   -7.238(R)|      FAST  |clkdac            |   0.000|
selec_filter<1>|   33.305(R)|      SLOW  |   -6.810(R)|      FAST  |clkdac            |   0.000|
---------------+------------+------------+------------+------------+------------------+--------+

Clock clk to Pad
------------+-----------------+------------+-----------------+------------+------------------+--------+
            |Max (slowest) clk|  Process   |Min (fastest) clk|  Process   |                  | Clock  |
Destination |  (edge) to PAD  |   Corner   |  (edge) to PAD  |   Corner   |Internal Clock(s) | Phase  |
------------+-----------------+------------+-----------------+------------+------------------+--------+
JA7         |         7.767(R)|      SLOW  |         4.958(R)|      FAST  |clkdac            |   0.000|
JA9         |         8.048(R)|      SLOW  |         5.142(R)|      FAST  |clkdac            |   0.000|
JA10        |         5.227(R)|      SLOW  |         3.307(R)|      FAST  |clkdac            |   0.000|
JB7         |         6.114(R)|      SLOW  |         3.974(R)|      FAST  |clkdac            |   0.000|
JB10        |         5.141(R)|      SLOW  |         3.221(R)|      FAST  |clkdac            |   0.000|
Led<0>      |         7.143(R)|      SLOW  |         4.641(R)|      FAST  |clkdac            |   0.000|
Led<1>      |         7.283(R)|      SLOW  |         4.751(R)|      FAST  |clkdac            |   0.000|
Led<2>      |         7.322(R)|      SLOW  |         4.759(R)|      FAST  |clkdac            |   0.000|
Led<3>      |         7.543(R)|      SLOW  |         4.915(R)|      FAST  |clkdac            |   0.000|
Led<4>      |         6.666(R)|      SLOW  |         4.274(R)|      FAST  |clkdac            |   0.000|
Led<5>      |         6.609(R)|      SLOW  |         4.251(R)|      FAST  |clkdac            |   0.000|
Led<6>      |         6.705(R)|      SLOW  |         4.334(R)|      FAST  |clkdac            |   0.000|
Led<7>      |         6.894(R)|      SLOW  |         4.469(R)|      FAST  |clkdac            |   0.000|
------------+-----------------+------------+-----------------+------------+------------------+--------+

Clock to Setup on destination clock clk
---------------+---------+---------+---------+---------+
               | Src:Rise| Src:Fall| Src:Rise| Src:Fall|
Source Clock   |Dest:Rise|Dest:Rise|Dest:Fall|Dest:Fall|
---------------+---------+---------+---------+---------+
clk            |    5.408|         |         |         |
---------------+---------+---------+---------+---------+


Analysis completed Tue Apr 21 15:19:51 2026 
--------------------------------------------------------------------------------

Trace Settings:
-------------------------
Trace Settings 

Peak Memory Usage: 409 MB



