Command line:
   tb_module_prod_isim_beh.exe
     -simmode  gui
     -simrunnum  0
     -socket  44439

Sun Apr 19 23:27:15 2026


 Elaboration Time: 0.02 sec

 Current Memory Usage: 196.542 Meg

 Total Signals          : 11
 Total Nets             : 189
 Total Signal Drivers   : 7
 Total Blocks           : 4
 Total Primitive Blocks : 3
 Total Processes        : 5
 Total Traceable Variables  : 13
 Total Scalar Nets and Variables : 672
Total Line Count : 14
Total Line Count : 14
Total Line Count : 14
Total Line Count : 14
Total Line Count : 14

 Total Simulation Time: 1.46 sec

 Current Memory Usage: 274.141 Meg

Sun Apr 19 23:35:25 2026

